Hint: used config file '/home/jules/.choosenim/toolchains/nim-2.2.8/config/nim.cfg' [Conf]
Hint: used config file '/home/jules/.choosenim/toolchains/nim-2.2.8/config/config.nims' [Conf]
...................................................................................................
/app/src/openfl/geom/Transform.nim(7, 3) Hint: 'DisplayObject' is declared but not used [XDeclaredButNotUsed]
/app/src/openfl/geom/Transform.nim(2, 8) Warning: imported and not used: 'Matrix3D' [UnusedImport]
..
/app/src/openfl/display/DisplayObject.nim(3, 16) Warning: imported and not used: 'Rectangle' [UnusedImport]
........................................................
/app/src/openfl/net/SharedObject.nim(1, 31) Warning: imported and not used: 'streams' [UnusedImport]
................................
CC: test_smaller_packages.nim
Hint:  [Link]
Hint: mm: orc; threads: on; opt: none (DEBUG BUILD, `-d:release` generates faster code)
79884 lines; 2.753s; 173.848MiB peakmem; proj: /app/src/openfl/tests/test_smaller_packages.nim; out: /app/src/openfl/tests/test_smaller_packages [SuccessX]
Hint: /app/src/openfl/tests/test_smaller_packages [Exec]
Testing System...
OS: Linux
Version: NIM 1,0,0,0
System tests passed!
Testing Text...
TextField text: Hello Nim
Text tests passed!
Testing Net...
SharedObject persistence test passed!
URLLoader: Load complete!
URLLoader test passed!
Net tests passed!
All smaller packages tests passed!
